

 ██████╗ ██╗  ██╗ ██████╗ ███╗   ██╗███████╗  ████████╗██████╗  █████╗  
██████╗██╗  ██╗███████╗██████╗
 ██╔══██╗██║  ██║██╔═══██╗████╗  ██║██╔════╝  
╚══██╔══╝██╔══██╗██╔══██╗██╔════╝██║ ██╔╝██╔════╝██╔══██╗
 ██████╔╝███████║██║   ██║██╔██╗ ██║█████╗       ██║   ██████╔╝███████║██║     
█████╔╝ █████╗  ██████╔╝
 ██╔═══╝ ██╔══██║██║   ██║██║╚██╗██║██╔══╝       ██║   ██╔══██╗██╔══██║██║     
██╔═██╗ ██╔══╝  ██╔══██╗
 ██║     ██║  ██║╚██████╔╝██║ ╚████║███████╗     ██║   ██║  ██║██║  
██║╚██████╗██║  ██╗███████╗██║  ██║
 ╚═╝     ╚═╝  ╚═╝ ╚═════╝ ╚═╝  ╚═══╝╚══════╝     ╚═╝   ╚═╝  ╚═╝╚═╝  ╚═╝ 
╚═════╝╚═╝  ╚═╝╚══════╝╚═╝  ╚═╝

  ██████╗ ██████╗  ██████╗    ██╗   ██╗███████╗    ██████╗
  ██╔══██╗██╔══██╗██╔═══██╗   ██║   ██║██╔════╝   ██╔═████╗
  ██████╔╝██████╔╝██║   ██║   ██║   ██║███████╗   ██║██╔██║
  ██╔═══╝ ██╔══██╗██║   ██║   ╚██╗ ██╔╝╚════██║   ████╔╝██║
  ██║     ██║  ██║╚██████╔╝    ╚████╔╝ ███████║██╗╚██████╔╝
  ╚═╝     ╚═╝  ╚═╝ ╚═════╝      ╚═══╝  ╚══════╝╚═╝ ╚═════╝

  Law Enforcement Grade Phone Intelligence System
  CDR Analysis • HLR/VLR • Live Location • OSINT • IP Grabber
  ⚠  AUTHORIZED USE ONLY — All operations are audit-logged

┌─────────────────────────── ⚙ Scan Configuration ────────────────────────────┐
│   Mode: IP GRABBER  |  Skipping: None                                       │
│   API Keys: TRESTLE: ✓  NUMVERIFY: ✓  ABSTRACT: ✓  IPINFO: ✓  OPENCAGE: ✓   │
│   Classification: RESTRICTED  |  Case: Auto-generated  |  Officer: Not      │
│ specified                                                                   │
│   Output: output/                                                           │
└─────────────────────────────────────────────────────────────────────────────┘

  ✓ Valid: +91 90000 00000

                     📋 SUBSCRIBER INFORMATION (CDR-STYLE)                     
┌──────────────────────────────┬──────────────────────────────────────────────┐
│ Field                        │ Value                                        │
├──────────────────────────────┼──────────────────────────────────────────────┤
│ Case ID                      │ CASE-20260321-B81B70                         │
├──────────────────────────────┼──────────────────────────────────────────────┤
│ Scan ID                      │ 01AC4F1A3B1C                                 │
├──────────────────────────────┼──────────────────────────────────────────────┤
│ Officer                      │ OPERATOR                                     │
├──────────────────────────────┼──────────────────────────────────────────────┤
│ Timestamp (UTC)              │ 2026-03-21 06:05:22 UTC                      │
├──────────────────────────────┼──────────────────────────────────────────────┤
│                              │                                              │
├──────────────────────────────┼──────────────────────────────────────────────┤
│ MSISDN (E.164)               │ +919000000000                                │
├──────────────────────────────┼──────────────────────────────────────────────┤
│ International Format         │ +91 90000 00000                              │
├──────────────────────────────┼──────────────────────────────────────────────┤
│ National Format              │ 090000 00000                                 │
├──────────────────────────────┼──────────────────────────────────────────────┤
│ Country Code                 │ +91                                          │
├──────────────────────────────┼──────────────────────────────────────────────┤
│ Country                      │ India                                        │
├──────────────────────────────┼──────────────────────────────────────────────┤
│ Region                       │ India                                        │
├──────────────────────────────┼──────────────────────────────────────────────┤
│ City (Geocoder)              │ भारत                                          │
├──────────────────────────────┼──────────────────────────────────────────────┤
│                              │                                              │
├──────────────────────────────┼──────────────────────────────────────────────┤
│ Carrier / Operator           │ Airtel                                       │
├──────────────────────────────┼──────────────────────────────────────────────┤
│ Line Type                    │ Mobile                                       │
├──────────────────────────────┼──────────────────────────────────────────────┤
│ HLR Status                   │ ACTIVE (inferred)                            │
├──────────────────────────────┼──────────────────────────────────────────────┤
│ Network Status               │ REACHABLE (inferred)                         │
├──────────────────────────────┼──────────────────────────────────────────────┤
│ IMSI                         │ N/A — Requires operator cooperation          │
├──────────────────────────────┼──────────────────────────────────────────────┤
│ IMEI                         │ N/A — Requires operator cooperation          │
├──────────────────────────────┼──────────────────────────────────────────────┤
│ Number Valid                 │ YES                                          │
├──────────────────────────────┼──────────────────────────────────────────────┤
│ Number Possible              │ YES                                          │
├──────────────────────────────┼──────────────────────────────────────────────┤
│ Timezone                     │ Asia/Calcutta                                │
└──────────────────────────────┴──────────────────────────────────────────────┘
  Approximate Circle: UP East (Lucknow)
┌─────────────────────────────────────────────────────────────────────────────┐
│ PHASE 3: LIVE / ACTIVE LOCATION (MULTI-API)                                 │
└─────────────────────────────────────────────────────────────────────────────┘
  ✓ Trestle: Activity 60/100 | Type: Mobile | Carrier: Airtel Ltd
  ✓ NumVerify: Andhra Pradesh | Bharti Airtel Ltd | mobile
  VLR/MSC: no active location data.
  PhoneInfo: no data.
  MobileTracker: no data.

                🗳️  LOCATION CROSS-REFERENCE VOTING                
┌──────────────────────┬───────────────────────────┬──────────────┐
│ API Source           │ Location Vote             │ Confidence   │
├──────────────────────┼───────────────────────────┼──────────────┤
│ NumVerify            │ Andhra Pradesh            │ 70%          │
├──────────────────────┼───────────────────────────┼──────────────┤
│                      │                           │              │
├──────────────────────┼───────────────────────────┼──────────────┤
│ CONSENSUS            │ Andhra Pradesh            │ 95%          │
└──────────────────────┴───────────────────────────┴──────────────┘

                           📍 LIVE/ACTIVE LOCATION                           
┌───────────────────────────┬───────────────────────────────────────────────┐
│ Field                     │ Value                                         │
├───────────────────────────┼───────────────────────────────────────────────┤
│ Active/Current City       │ Andhra Pradesh                                │
├───────────────────────────┼───────────────────────────────────────────────┤
│ Detection Method          │ Consensus (1/1 APIs)                          │
├───────────────────────────┼───────────────────────────────────────────────┤
│ Confidence                │ 95%                                           │
├───────────────────────────┼───────────────────────────────────────────────┤
│ SIM Registered City       │ Lucknow                                       │
├───────────────────────────┼───────────────────────────────────────────────┤
│ Roaming Status            │ LIKELY ROAMING                                │
├───────────────────────────┼───────────────────────────────────────────────┤
│ Carrier                   │ Bharti Airtel Ltd                             │
└───────────────────────────┴───────────────────────────────────────────────┘
┌─────────────────────────────────────────────────────────────────────────────┐
│ PHASE 4: ADVANCED GEOLOCATION                                               │
└─────────────────────────────────────────────────────────────────────────────┘
  Geocoding target: Andhra Pradesh
  ✓ OpenCage: 27.33333, 88.66667
    East District, India
                              🌍 GEOLOCATION DATA                              
┌─────────────────────────┬───────────────────────────────────────────────────┐
│ Field                   │ Value                                             │
├─────────────────────────┼───────────────────────────────────────────────────┤
│ City                    │ Andhra Pradesh                                    │
├─────────────────────────┼───────────────────────────────────────────────────┤
│ State/Region            │ Sikkim                                            │
├─────────────────────────┼───────────────────────────────────────────────────┤
│ Country                 │ India                                             │
├─────────────────────────┼───────────────────────────────────────────────────┤
│ Latitude                │ 27.33333                                          │
├─────────────────────────┼───────────────────────────────────────────────────┤
│ Longitude               │ 88.66667                                          │
├─────────────────────────┼───────────────────────────────────────────────────┤
│ Full Address            │ East District, India                              │
├─────────────────────────┼───────────────────────────────────────────────────┤
│ Timezone                │ Asia/Kolkata                                      │
├─────────────────────────┼───────────────────────────────────────────────────┤
│ Telecom Circle          │ UP East                                           │
├─────────────────────────┼───────────────────────────────────────────────────┤
│ SIM Registration        │ Lucknow                                           │
├─────────────────────────┼───────────────────────────────────────────────────┤
│ Live Location           │ Andhra Pradesh                                    │
└─────────────────────────┴───────────────────────────────────────────────────┘
┌─────────────────────────────────────────────────────────────────────────────┐
│ PHASE 5: OSINT — PLATFORM INTELLIGENCE                                      │
└─────────────────────────────────────────────────────────────────────────────┘
  ✓ WhatsApp: Likely registered
  ✓ Telegram: Profile detected
  Truecaller: No public data (try Truecaller app for manual lookup)
  Eyecon: Not found
  ✓ SyncMe: Always knowwho’s calling
  ✓ Facebook: Account indicator found
  Instagram: Not found
  Google: No public mentions
  ✓ UPI: 10 possible IDs generated
    → 9000000000@paytm
    → 9000000000@ybl
    → 9000000000@okaxis
  ✓ Email Guess: 5 possible emails generated
    → 9000000000@gmail.com
    → 9000000000@yahoo.com
    → 9000000000@outlook.com
    → 9000000000@hotmail.com
  Gravatar: No profiles found
                             🔍 OSINT INTELLIGENCE                             
┌────────────────────┬───────────────┬────────────────────────────────────────┐
│ Platform           │ Status        │ Details                                │
├────────────────────┼───────────────┼────────────────────────────────────────┤
│ Whatsapp           │ Found         │ Likely registered                      │
├────────────────────┼───────────────┼────────────────────────────────────────┤
│ Telegram           │ Found         │ Profile found                          │
├────────────────────┼───────────────┼────────────────────────────────────────┤
│ Truecaller         │ Not found     │                                        │
├────────────────────┼───────────────┼────────────────────────────────────────┤
│ Eyecon             │ Not found     │                                        │
├────────────────────┼───────────────┼────────────────────────────────────────┤
│ Syncme             │ Found         │ Always knowwho’s calling               │
├────────────────────┼───────────────┼────────────────────────────────────────┤
│ Facebook           │ Found         │ Account may exist                      │
├────────────────────┼───────────────┼────────────────────────────────────────┤
│ Instagram          │ Not found     │                                        │
├────────────────────┼───────────────┼────────────────────────────────────────┤
│ Google             │ None          │                                        │
├────────────────────┼───────────────┼────────────────────────────────────────┤
│ UPI IDs            │ 10            │ 9000000000@paytm, 9000000000@ybl...    │
├────────────────────┼───────────────┼────────────────────────────────────────┤
│ Email Guesses      │ 5             │ 9000000000@gmail.com                   │
│                    │               │ 9000000000@yahoo.com                   │
│                    │               │ 9000000000@outlook.com                 │
│                    │               │ 9000000000@hotmail.com                 │
│                    │               │ ...                                    │
├────────────────────┼───────────────┼────────────────────────────────────────┤
│ Gravatar           │ None          │                                        │
├────────────────────┼───────────────┼────────────────────────────────────────┤
│ OWNER NAME         │ FOUND         │ Always knowwho’s calling               │
└────────────────────┴───────────────┴────────────────────────────────────────┘
┌─────────────────────────────────────────────────────────────────────────────┐
│ PHASE 6: DEEP OSINT — ADVANCED RECON                                        │
└─────────────────────────────────────────────────────────────────────────────┘
  ✓ Spam: Clean — no spam reports found
  ShouldIAnswer: No data
  ⚠ Breach: Indicators on 2 source(s)
  Web: No mentions found
┌─────────────────────────────────────────────────────────────────────────────┐
│ PHASE 7: GENERATING REPORTS                                                 │
└─────────────────────────────────────────────────────────────────────────────┘
  ✓ Map saved: output/phone_map_919000000000_20260321_010609.html
  ✓ JSON Report: output/phone_intel_919000000000_20260321_010609.json
  > HTML Report (LEA Grade): 
output/phone_report_919000000000_20260321_010609.html


┌─────────────────────────────────────────────────────────────────────────────┐
│   RESTRICTED — LAW ENFORCEMENT SENSITIVE                                    │
└─────────────────────────────────────────────────────────────────────────────┘
┌─────────────────────────────────────────────────────────────────────────────┐
│ 📊 INTELLIGENCE SUMMARY                                                     │
└─────────────────────────────────────────────────────────────────────────────┘
                               Case Information                                
┌─────────────────────────┬───────────────────────────────────────────────────┐
│ Field                   │ Value                                             │
├─────────────────────────┼───────────────────────────────────────────────────┤
│ Case ID                 │ CASE-20260321-B81B70                              │
├─────────────────────────┼───────────────────────────────────────────────────┤
│ Officer                 │ OPERATOR                                          │
├─────────────────────────┼───────────────────────────────────────────────────┤
│ Unit                    │ Not specified                                     │
├─────────────────────────┼───────────────────────────────────────────────────┤
│ Classification          │ RESTRICTED                                        │
├─────────────────────────┼───────────────────────────────────────────────────┤
│ Report Time             │ 2026-03-21 01:06:09 IST                           │
└─────────────────────────┴───────────────────────────────────────────────────┘

                             Subject Intelligence                              
┌─────────────────────────┬───────────────────────────────────────────────────┐
│ Category                │ Result                                            │
├─────────────────────────┼───────────────────────────────────────────────────┤
│ Phone Number            │ +919000000000                                     │
├─────────────────────────┼───────────────────────────────────────────────────┤
│ Country                 │ India                                             │
├─────────────────────────┼───────────────────────────────────────────────────┤
│ Carrier                 │ Airtel                                            │
├─────────────────────────┼───────────────────────────────────────────────────┤
│ SIM Location            │ Lucknow                                           │
├─────────────────────────┼───────────────────────────────────────────────────┤
│ Telecom Circle          │ UP East                                           │
├─────────────────────────┼───────────────────────────────────────────────────┤
│ MCC-MNC                 │ N/A                                               │
├─────────────────────────┼───────────────────────────────────────────────────┤
│ Live Location           │ Andhra Pradesh                                    │
├─────────────────────────┼───────────────────────────────────────────────────┤
│ Roaming                 │ YES — Different from SIM city                     │
├─────────────────────────┼───────────────────────────────────────────────────┤
│ API Votes               │ 1 sources                                         │
├─────────────────────────┼───────────────────────────────────────────────────┤
│ Owner Name              │ Always knowwho’s calling                          │
├─────────────────────────┼───────────────────────────────────────────────────┤
│ OSINT Hits              │ 4 platforms                                       │
├─────────────────────────┼───────────────────────────────────────────────────┤
│ Possible Emails         │ 9000000000@gmail.com                              │
│                         │ 9000000000@yahoo.com                              │
│                         │ 9000000000@outlook.com                            │
│                         │ +2 more                                           │
├─────────────────────────┼───────────────────────────────────────────────────┤
│ Coordinates             │ 27.3333, 88.6667                                  │
└─────────────────────────┴───────────────────────────────────────────────────┘

┌───────────────────────────── Chain of Custody ──────────────────────────────┐
│ Evidence Integrity (SHA-256):                                               │
│ 32fd8336bcfc70027d38734d6382c34247f11403e5ba4442a4e1c94544bf8b8d            │
└─────────────────────────────────────────────────────────────────────────────┘

┌─────────────────────────────────────────────────────────────────────────────┐
│   ✓ Intelligence collection complete!                                       │
│   Case: CASE-20260321-B81B70  |  Classification: RESTRICTED                 │
└─────────────────────────────────────────────────────────────────────────────┘

┌─────────────────────────────────────────────────────────────────────────────┐
│   Launching IP Grabber server... (full scan data saved above)               │
└─────────────────────────────────────────────────────────────────────────────┘
┌─────────────────────────────────────────────────────────────────────────────┐
│ PHASE 3B: IP GRABBER LINK GENERATOR                                         │
└─────────────────────────────────────────────────────────────────────────────┘
  ✓ Tracking page created: output/track_feeaa80f2107.html

┌───────────────────────────── 🎯 TRACKING LINKS ─────────────────────────────┐
│ 📎 IP GRABBER LINKS — Send one of these to the target:                      │
│                                                                             │
│   Local Network (same WiFi):                                                │
│     http://192.168.1.66:8888/t/feeaa80f2107                                 │
│                                                                             │
│   Public (if port 8888 is forwarded / use ngrok):                           │
│     http://138.204.12.35:8888/t/feeaa80f2107                                │
│                                                                             │
│   💡 TIP: Use ngrok for a public HTTPS link:                                │
│     1. Install: brew install ngrok  (or download from ngrok.com)            │
│     2. Run:     ngrok http 8888                                             │
│     3. Copy the https://xxxxx.ngrok.io URL                                  │
│     4. Send:    https://xxxxx.ngrok.io/t/feeaa80f2107                       │
│                                                                             │
│   The link looks like a normal webpage (news article).                      │
│   When target opens it, their IP + location is captured.                    │
│   If they allow browser location → exact GPS coordinates!                   │
│                                                                             │
│   Press Ctrl+C to stop the server when done.                                │
└─────────────────────────────────────────────────────────────────────────────┘

  🌐 Server running on port 8888...
  📡 Waiting for target to click the link...
  Press Ctrl+C to stop.

 * Serving Flask app 'phone_tracker'
 * Debug mode: off
